Cvent  Core-Attendee Hub Mobile iOS -> https://apps.apple.com/us/app/cvent-events/id1491335576
Cvent CSN Destination Guide -> https://www.cvent.com/meeting-event-planning/*
Cvent CSN Suppliers -> https://app.cvent.com/Subscribers/RFP/*
Cvent CSN-RFP -> https://app.cvent.com/Subscribers/Suppliers/* 
Cvent Core-Admin -> https://app.cvent.com/Subscribers/Admin/*
Cvent Core-Appointments -> https://app.cvent.com/Subscribers/Appointments/*
Cvent Core-Attendee Hub Mobile Android -> https://play.google.com/store/apps/details?id=com.cvent.mobile.eventapp
Cvent Core-Attendee Hub Web -> https://web.cvent.com/hub/events/*
Cvent Core-Flex -> https://web.cvent.com/event/* 
Cvent Core-Paygo -> https://www.cvent.com/en/event-management-software/free-trial
Cvent Core-Planner -> https://app.cvent.com/Subscribers/Events2/*  & https://events.app.cvent.com/events/*
Cvent Core-Survey -> https://app.cvent.com/Subscribers/Inquisium/* 
Cvent OSS-OnArrival Mobile Android -> https://play.google.com/store/apps/details?id=com.cvent.onarrival
Cvent OSS-OnArrival Mobile iOS -> https://apps.apple.com/us/app/onarrival/id680778967
https://ebctest.cybersource.com/varm
https://marketplace.atlassian.com/apps/1211141/xsd-viewer?hosting=cloud
https://marketplace.atlassian.com/apps/1211675/git-for-confluence?hosting=cloud&tab=overview
https://marketplace.atlassian.com/apps/1212035/edit-custom-field-values?hosting=cloud&tab=overview
https://marketplace.atlassian.com/apps/1213313/atlas-crm-customers-and-sales-in-jira?hosting=cloud
https://marketplace.atlassian.com/apps/1216060/atlas-crm-customers-in-confluence?hosting=cloud
https://marketplace.atlassian.com/apps/1217471/sonarqube-connector-for-jira?hosting=cloud&tab=overview
https://marketplace.atlassian.com/apps/1222136/topdesk-jira-integration?hosting=cloud
https://marketplace.atlassian.com/apps/1225059/apptime-free-time-tracking-planning-team-mangement?hosting=cloud&tab=overview
https://marketplace.atlassian.com/apps/1229840/visualizer-for-confluence-markdown-plantuml-mermaid-erd?hosting=cloud&tab=overview
https://marketplace.atlassian.com/apps/792203801/frank-not-your-regular-hr-solution?hosting=cloud&tab=overview
